7726160
839800
105840
420
15015
3960
420
6435
792
210
792
