225792840
12
6
1
1
6
6
4
4
2
85008
85008
888030
210
495
5
5
5
101745
3677355
97240
