654758428
100657091
802386173
49729680
7691200
49729680
802386173
168292800
1920
241920
60480
48384
60480
192648271
2772
630
273000
1050
5148
9324315
5148
1050
4620
10
749743680
33528105
162650733
163011640
162650733
364631176
125970
3124550
1287
112
1540
825
639540
6395400
1046520
22680
850800897
889724051
987747123
746130
6715170
90
64350
3124550
178066716
4976400
234900
62640
239553472
36018000
274833000
36018000
274833000
17852400
34264693
6885161
548100
313200
83692224
363782758
732906720
40717040
780537053
19908
780537053
49666856
558752130
917744023
1008
48620
24310
1
1
1
38
481743814
12540
38
434720
923780
195624
114
1368
923780
12540
3192
675862862
800497943
715913186
39711672
224516325
41783280
598019604
220525380
196402065
10094700
277830
