237930091
38435537
352902376
303626313
572790911
17853391
880011509
880011509
880011509
812142811
12080470
51096357
978555584
978555584
798460406
915314565
654225487
296749672
926545542
745165951
131274000
5250960
163622102
354090555
770452768
124230645
1440
45
1800
1800
1800
1800
38184929
553810635
436284944
436284944
418608000
114935979
207662400
207662400
207662400
388505394
388505394
388505394
931526572
931526572
57118122
198614811
531429293
975279986
258399377
