1262
10
208
246
23
4
105
25
105
6
83
269
364
1110
42
73
17
11
335
25
