610
2743
2587
1995
189
18999
1501
124
222
335
372
13171
2251
6
121
275
9955
741
335
5227
663
10246
7081
1828
13013
5817
42
1447
335
942
6
566
6
610
16361
73
53
5566
101
91
150
138
2950
4056
6
5227
36156
8896
5668
335
