7202686
8649395
13321089
17467833
19969999
171601501
185961654
205900019
347137002
351900395
356105872
413882285
526737856
677378695
893843615
942756569
1160138873
1370641665
1539712515
1731520424
2337918534
