282842.705403551285
0.010000000000
0.000000000000
