0.003535533994
282842.705403551285
0.010000000000
282842.698332483764
282842.705403551285
0.003535533994
141421.356237309519
