498.500000000000
498.500000000000
498.500000000000
498.500000000000
498.500000000000
498.500000000000
498.500000000000
498.500000000000
498.500000000000
498.500000000000
498.500000000000
498.500000000000
498.500000000000
498.500000000000
498.500000000000
498.500000000000
498.500000000000
498.500000000000
498.500000000000
498.500000000000
498.500000000000
498.500000000000
498.500000000000
498.500000000000
498.500000000000
498.500000000000
498.500000000000
498.500000000000
498.500000000000
498.500000000000
498.500000000000
498.500000000000
498.500000000000
498.500000000000
498.500000000000
498.500000000000
498.500000000000
498.500000000000
498.500000000000
498.500000000000
